00:00 +0: loading D:/DataDownloaded/Study/MonHoc/Do_An/frfr/moneypod_app/app/test/services/insight_service_test.dart
flutter : test/servic
es/insight_service_te
st.dart:25:30: 
Error: No named 
parameter with the 
name 'dio'.
At line:1 char:1
+ flutter test test/s
ervices/insight_servi
ce_test.dart > 
test_output.tx ...
+ ~~~~~~~~~~~~~~~~~~~
~~~~~~~~~~~~~~~~~~~~~
~~~~~~~~~~~~~~~~~~~~~
~~~~~~~~
    + CategoryInfo   
           : 
NotSpecifi    ed: 
(test/services    
/i...the name 'dio   
 '.:String) [], Rem  
  oteException
    + 
FullyQualifiedEr    
rorId : NativeComm   
 andError
 
    service = 
InsightService(dio: 
mockDio, 
authService: 
mockAuthService);
                     
        ^^^
lib/services/insight_
service.dart:16:3: 
Context: Found this 
candidate, but the 
arguments don't 
match.
  InsightService() {
  ^^^^^^^^^^^^^^
00:00 +0 -1: loading D:/DataDownloaded/Study/MonHoc/Do_An/frfr/moneypod_app/app/test/services/insight_service_test.dart [E]
  Failed to load "D:/DataDownloaded/Study/MonHoc/Do_An/frfr/moneypod_app/app/test/services/insight_service_test.dart":
  Compilation failed for testPath=D:/DataDownloaded/Study/MonHoc/Do_An/frfr/moneypod_app/app/test/services/insight_service_test.dart: test/services/insight_service_test.dart:25:30: Error: No named parameter with the name 'dio'.
      service = InsightService(dio: mockDio, authService: mockAuthService);
                               ^^^
  lib/services/insight_service.dart:16:3: Context: Found this candidate, but the arguments don't match.
    InsightService() {
    ^^^^^^^^^^^^^^
  .
00:00 +0 -1: Some tests failed.
